Archive member included to satisfy reference by file (symbol)

C:/ST/STM32CubeIDE_1.16.0/STM32CubeIDE/plugins/com.st.stm32cube.ide.mcu.externaltools.gnu-tools-for-stm32.12.3.rel1.win32_1.0.200.202406191623/tools/bin/../lib/gcc/arm-none-eabi/12.3.1/../../../../arm-none-eabi/lib/thumb/v7e-m+fp/hard\libc_nano.a(libc_a-exit.o)
                              C:/ST/STM32CubeIDE_1.16.0/STM32CubeIDE/plugins/com.st.stm32cube.ide.mcu.externaltools.gnu-tools-for-stm32.12.3.rel1.win32_1.0.200.202406191623/tools/bin/../lib/gcc/arm-none-eabi/12.3.1/../../../../arm-none-eabi/lib/thumb/v7e-m+fp/hard/crt0.o (exit)
C:/ST/STM32CubeIDE_1.16.0/STM32CubeIDE/plugins/com.st.stm32cube.ide.mcu.externaltools.gnu-tools-for-stm32.12.3.rel1.win32_1.0.200.202406191623/tools/bin/../lib/gcc/arm-none-eabi/12.3.1/../../../../arm-none-eabi/lib/thumb/v7e-m+fp/hard\libc_nano.a(libc_a-findfp.o)
                              C:/ST/STM32CubeIDE_1.16.0/STM32CubeIDE/plugins/com.st.stm32cube.ide.mcu.externaltools.gnu-tools-for-stm32.12.3.rel1.win32_1.0.200.202406191623/tools/bin/../lib/gcc/arm-none-eabi/12.3.1/../../../../arm-none-eabi/lib/thumb/v7e-m+fp/hard\libc_nano.a(libc_a-exit.o) (__stdio_exit_handler)
C:/ST/STM32CubeIDE_1.16.0/STM32CubeIDE/plugins/com.st.stm32cube.ide.mcu.externaltools.gnu-tools-for-stm32.12.3.rel1.win32_1.0.200.202406191623/tools/bin/../lib/gcc/arm-none-eabi/12.3.1/../../../../arm-none-eabi/lib/thumb/v7e-m+fp/hard\libc_nano.a(libc_a-fwalk.o)
                              C:/ST/STM32CubeIDE_1.16.0/STM32CubeIDE/plugins/com.st.stm32cube.ide.mcu.externaltools.gnu-tools-for-stm32.12.3.rel1.win32_1.0.200.202406191623/tools/bin/../lib/gcc/arm-none-eabi/12.3.1/../../../../arm-none-eabi/lib/thumb/v7e-m+fp/hard\libc_nano.a(libc_a-findfp.o) (_fwalk_sglue)
C:/ST/STM32CubeIDE_1.16.0/STM32CubeIDE/plugins/com.st.stm32cube.ide.mcu.externaltools.gnu-tools-for-stm32.12.3.rel1.win32_1.0.200.202406191623/tools/bin/../lib/gcc/arm-none-eabi/12.3.1/../../../../arm-none-eabi/lib/thumb/v7e-m+fp/hard\libc_nano.a(libc_a-stdio.o)
                              C:/ST/STM32CubeIDE_1.16.0/STM32CubeIDE/plugins/com.st.stm32cube.ide.mcu.externaltools.gnu-tools-for-stm32.12.3.rel1.win32_1.0.200.202406191623/tools/bin/../lib/gcc/arm-none-eabi/12.3.1/../../../../arm-none-eabi/lib/thumb/v7e-m+fp/hard\libc_nano.a(libc_a-findfp.o) (__sread)
C:/ST/STM32CubeIDE_1.16.0/STM32CubeIDE/plugins/com.st.stm32cube.ide.mcu.externaltools.gnu-tools-for-stm32.12.3.rel1.win32_1.0.200.202406191623/tools/bin/../lib/gcc/arm-none-eabi/12.3.1/../../../../arm-none-eabi/lib/thumb/v7e-m+fp/hard\libc_nano.a(libc_a-memset.o)
                              C:/ST/STM32CubeIDE_1.16.0/STM32CubeIDE/plugins/com.st.stm32cube.ide.mcu.externaltools.gnu-tools-for-stm32.12.3.rel1.win32_1.0.200.202406191623/tools/bin/../lib/gcc/arm-none-eabi/12.3.1/../../../../arm-none-eabi/lib/thumb/v7e-m+fp/hard/crt0.o (memset)
C:/ST/STM32CubeIDE_1.16.0/STM32CubeIDE/plugins/com.st.stm32cube.ide.mcu.externaltools.gnu-tools-for-stm32.12.3.rel1.win32_1.0.200.202406191623/tools/bin/../lib/gcc/arm-none-eabi/12.3.1/../../../../arm-none-eabi/lib/thumb/v7e-m+fp/hard\libc_nano.a(libc_a-closer.o)
                              C:/ST/STM32CubeIDE_1.16.0/STM32CubeIDE/plugins/com.st.stm32cube.ide.mcu.externaltools.gnu-tools-for-stm32.12.3.rel1.win32_1.0.200.202406191623/tools/bin/../lib/gcc/arm-none-eabi/12.3.1/../../../../arm-none-eabi/lib/thumb/v7e-m+fp/hard\libc_nano.a(libc_a-stdio.o) (_close_r)
C:/ST/STM32CubeIDE_1.16.0/STM32CubeIDE/plugins/com.st.stm32cube.ide.mcu.externaltools.gnu-tools-for-stm32.12.3.rel1.win32_1.0.200.202406191623/tools/bin/../lib/gcc/arm-none-eabi/12.3.1/../../../../arm-none-eabi/lib/thumb/v7e-m+fp/hard\libc_nano.a(libc_a-reent.o)
                              C:/ST/STM32CubeIDE_1.16.0/STM32CubeIDE/plugins/com.st.stm32cube.ide.mcu.externaltools.gnu-tools-for-stm32.12.3.rel1.win32_1.0.200.202406191623/tools/bin/../lib/gcc/arm-none-eabi/12.3.1/../../../../arm-none-eabi/lib/thumb/v7e-m+fp/hard\libc_nano.a(libc_a-closer.o) (errno)
C:/ST/STM32CubeIDE_1.16.0/STM32CubeIDE/plugins/com.st.stm32cube.ide.mcu.externaltools.gnu-tools-for-stm32.12.3.rel1.win32_1.0.200.202406191623/tools/bin/../lib/gcc/arm-none-eabi/12.3.1/../../../../arm-none-eabi/lib/thumb/v7e-m+fp/hard\libc_nano.a(libc_a-impure.o)
                              C:/ST/STM32CubeIDE_1.16.0/STM32CubeIDE/plugins/com.st.stm32cube.ide.mcu.externaltools.gnu-tools-for-stm32.12.3.rel1.win32_1.0.200.202406191623/tools/bin/../lib/gcc/arm-none-eabi/12.3.1/../../../../arm-none-eabi/lib/thumb/v7e-m+fp/hard\libc_nano.a(libc_a-reent.o) (_impure_ptr)
C:/ST/STM32CubeIDE_1.16.0/STM32CubeIDE/plugins/com.st.stm32cube.ide.mcu.externaltools.gnu-tools-for-stm32.12.3.rel1.win32_1.0.200.202406191623/tools/bin/../lib/gcc/arm-none-eabi/12.3.1/../../../../arm-none-eabi/lib/thumb/v7e-m+fp/hard\libc_nano.a(libc_a-lseekr.o)
[...]
Memory Configuration

Name             Origin             Length             Attributes
RAM              0x20000000         0x00020000         xrw
FLASH            0x08000000         0x00080000         xr
*default*        0x00000000         0xffffffff

Linker script and memory map

LOAD C:/ST/STM32CubeIDE_1.16.0/STM32CubeIDE/plugins/com.st.stm32cube.ide.mcu.externaltools.gnu-tools-for-stm32.12.3.rel1.win32_1.0.200.202406191623/tools/bin/../lib/gcc/arm-none-eabi/12.3.1/thumb/v7e-m+fp/hard/crti.o
LOAD C:/ST/STM32CubeIDE_1.16.0/STM32CubeIDE/plugins/com.st.stm32cube.ide.mcu.externaltools.gnu-tools-for-stm32.12.3.rel1.win32_1.0.200.202406191623/tools/bin/../lib/gcc/arm-none-eabi/12.3.1/thumb/v7e-m+fp/hard/crtbegin.o
LOAD C:/ST/STM32CubeIDE_1.16.0/STM32CubeIDE/plugins/com.st.stm32cube.ide.mcu.externaltools.gnu-tools-for-stm32.12.3.rel1.win32_1.0.200.202406191623/tools/bin/../lib/gcc/arm-none-eabi/12.3.1/../../../../arm-none-eabi/lib/thumb/v7e-m+fp/hard/crt0.o
LOAD ./Core/Src/main.o
LOAD ./Core/Src/stm32f4xx_hal_msp.o
LOAD ./Core/Src/stm32f4xx_it.o
LOAD ./Core/Src/syscalls.o
LOAD ./Core/Src/sysmem.o
LOAD ./Core/Src/system_stm32f4xx.o
LOAD ./Core/Startup/startup_stm32f446retx.o
LOAD ./Drivers/STM32F4xx_HAL_Driver/Src/stm32f4xx_hal.o
LOAD ./Drivers/STM32F4xx_HAL_Driver/Src/stm32f4xx_hal_adc.o
LOAD ./Drivers/STM32F4xx_HAL_Driver/Src/stm32f4xx_hal_adc_ex.o
LOAD ./Drivers/STM32F4xx_HAL_Driver/Src/stm32f4xx_hal_cortex.o
LOAD ./Drivers/STM32F4xx_HAL_Driver/Src/stm32f4xx_hal_dma.o
LOAD ./Drivers/STM32F4xx_HAL_Driver/Src/stm32f4xx_hal_dma_ex.o
LOAD ./Drivers/STM32F4xx_HAL_Driver/Src/stm32f4xx_hal_exti.o
LOAD ./Drivers/STM32F4xx_HAL_Driver/Src/stm32f4xx_hal_flash.o
LOAD ./Drivers/STM32F4xx_HAL_Driver/Src/stm32f4xx_hal_flash_ex.o
LOAD ./Drivers/STM32F4xx_HAL_Driver/Src/stm32f4xx_hal_flash_ramfunc.o
LOAD ./Drivers/STM32F4xx_HAL_Driver/Src/stm32f4xx_hal_gpio.o
LOAD ./Drivers/STM32F4xx_HAL_Driver/Src/stm32f4xx_hal_pwr.o
LOAD ./Drivers/STM32F4xx_HAL_Driver/Src/stm32f4xx_hal_pwr_ex.o
LOAD ./Drivers/STM32F4xx_HAL_Driver/Src/stm32f4xx_hal_rcc.o
LOAD ./Drivers/STM32F4xx_HAL_Driver/Src/stm32f4xx_hal_rcc_ex.o
LOAD ./Drivers/STM32F4xx_HAL_Driver/Src/stm32f4xx_hal_tim.o
LOAD ./Drivers/STM32F4xx_HAL_Driver/Src/stm32f4xx_hal_tim_ex.o
LOAD ./Drivers/STM32F4xx_HAL_Driver/Src/stm32f4xx_hal_uart.o
LOAD ./Drivers/STM32F4xx_HAL_Driver/Src/stm32f4xx_ll_adc.o
LOAD ./libs/src/adc.o
LOAD ./libs/src/pid.o
LOAD ./libs/src/system_init.o
LOAD ./libs/src/timer.o
START GROUP
LOAD C:/ST/STM32CubeIDE_1.16.0/STM32CubeIDE/plugins/com.st.stm32cube.ide.mcu.externaltools.gnu-tools-for-stm32.12.3.rel1.win32_1.0.200.202406191623/tools/bin/../lib/gcc/arm-none-eabi/12.3.1/../../../../arm-none-eabi/lib/thumb/v7e-m+fp/hard\libc_nano.a
LOAD C:/ST/STM32CubeIDE_1.16.0/STM32CubeIDE/plugins/com.st.stm32cube.ide.mcu.externaltools.gnu-tools-for-stm32.12.3.rel1.win32_1.0.200.202406191623/tools/bin/../lib/gcc/arm-none-eabi/12.3.1/../../../../arm-none-eabi/lib/thumb/v7e-m+fp/hard\libm.a
END GROUP
START GROUP
LOAD C:/ST/STM32CubeIDE_1.16.0/STM32CubeIDE/plugins/com.st.stm32cube.ide.mcu.externaltools.gnu-tools-for-stm32.12.3.rel1.win32_1.0.200.202406191623/tools/bin/../lib/gcc/arm-none-eabi/12.3.1/thumb/v7e-m+fp/hard\libgcc.a
LOAD C:/ST/STM32CubeIDE_1.16.0/STM32CubeIDE/plugins/com.st.stm32cube.ide.mcu.externaltools.gnu-tools-for-stm32.12.3.rel1.win32_1.0.200.202406191623/tools/bin/../lib/gcc/arm-none-eabi/12.3.1/../../../../arm-none-eabi/lib/thumb/v7e-m+fp/hard\libc_nano.a
END GROUP
START GROUP
LOAD C:/ST/STM32CubeIDE_1.16.0/STM32CubeIDE/plugins/com.st.stm32cube.ide.mcu.externaltools.gnu-tools-for-stm32.12.3.rel1.win32_1.0.200.202406191623/tools/bin/../lib/gcc/arm-none-eabi/12.3.1/thumb/v7e-m+fp/hard\libgcc.a
LOAD C:/ST/STM32CubeIDE_1.16.0/STM32CubeIDE/plugins/com.st.stm32cube.ide.mcu.externaltools.gnu-tools-for-stm32.12.3.rel1.win32_1.0.200.202406191623/tools/bin/../lib/gcc/arm-none-eabi/12.3.1/../../../../arm-none-eabi/lib/thumb/v7e-m+fp/hard\libc_nano.a
LOAD C:/ST/STM32CubeIDE_1.16.0/STM32CubeIDE/plugins/com.st.stm32cube.ide.mcu.externaltools.gnu-tools-for-stm32.12.3.rel1.win32_1.0.200.202406191623/tools/bin/../lib/gcc/arm-none-eabi/12.3.1/../../../../arm-none-eabi/lib/thumb/v7e-m+fp/hard\libnosys.a
END GROUP
START GROUP
LOAD C:/ST/STM32CubeIDE_1.16.0/STM32CubeIDE/plugins/com.st.stm32cube.ide.mcu.externaltools.gnu-tools-for-stm32.12.3.rel1.win32_1.0.200.202406191623/tools/bin/../lib/gcc/arm-none-eabi/12.3.1/thumb/v7e-m+fp/hard\libgcc.a
LOAD C:/ST/STM32CubeIDE_1.16.0/STM32CubeIDE/plugins/com.st.stm32cube.ide.mcu.externaltools.gnu-tools-for-stm32.12.3.rel1.win32_1.0.200.202406191623/tools/bin/../lib/gcc/arm-none-eabi/12.3.1/../../../../arm-none-eabi/lib/thumb/v7e-m+fp/hard\libc_nano.a
LOAD C:/ST/STM32CubeIDE_1.16.0/STM32CubeIDE/plugins/com.st.stm32cube.ide.mcu.externaltools.gnu-tools-for-stm32.12.3.rel1.win32_1.0.200.202406191623/tools/bin/../lib/gcc/arm-none-eabi/12.3.1/../../../../arm-none-eabi/lib/thumb/v7e-m+fp/hard\libnosys.a
END GROUP
LOAD C:/ST/STM32CubeIDE_1.16.0/STM32CubeIDE/plugins/com.st.stm32cube.ide.mcu.externaltools.gnu-tools-for-stm32.12.3.rel1.win32_1.0.200.202406191623/tools/bin/../lib/gcc/arm-none-eabi/12.3.1/thumb/v7e-m+fp/hard/crtend.o
LOAD C:/ST/STM32CubeIDE_1.16.0/STM32CubeIDE/plugins/com.st.stm32cube.ide.mcu.externaltools.gnu-tools-for-stm32.12.3.rel1.win32_1.0.200.202406191623/tools/bin/../lib/gcc/arm-none-eabi/12.3.1/thumb/v7e-m+fp/hard/crtn.o
                0x20020000                        _estack = (ORIGIN (RAM) + LENGTH (RAM))
                0x00000200                        _Min_Heap_Size = 0x200
                0x00000400                        _Min_Stack_Size = 0x400

.isr_vector     0x08000000      0x1c4
                0x08000000                        . = ALIGN (0x4)
 *(.isr_vector)
 .isr_vector    0x08000000      0x1c4 ./Core/Startup/startup_stm32f446retx.o
                0x08000000                g_pfnVectors
                0x080001c4                        . = ALIGN (0x4)

.text           0x080001c4     0x3558
                0x080001c4                        . = ALIGN (0x4)
 *(.text)
 .text          0x080001c4       0x40 C:/ST/STM32CubeIDE_1.16.0/STM32CubeIDE/plugins/com.st.stm32cube.ide.mcu.externaltools.gnu-tools-for-stm32.12.3.rel1.win32_1.0.200.202406191623/tools/bin/../lib/gcc/arm-none-eabi/12.3.1/thumb/v7e-m+fp/hard/crtbegin.o
 .text          0x08000204       0x30 C:/ST/STM32CubeIDE_1.16.0/STM32CubeIDE/plugins/com.st.stm32cube.ide.mcu.externaltools.gnu-tools-for-stm32.12.3.rel1.win32_1.0.200.202406191623/tools/bin/../lib/gcc/arm-none-eabi/12.3.1/thumb/v7e-m+fp/hard\libgcc.a(_aeabi_uldivmod.o)
                0x08000204                __aeabi_uldivmod
 .text          0x08000234      0x2bc C:/ST/STM32CubeIDE_1.16.0/STM32CubeIDE/plugins/com.st.stm32cube.ide.mcu.externaltools.gnu-tools-for-stm32.12.3.rel1.win32_1.0.200.202406191623/tools/bin/../lib/gcc/arm-none-eabi/12.3.1/thumb/v7e-m+fp/hard\libgcc.a(_udivmoddi4.o)
                0x08000234                __udivmoddi4
 .text          0x080004f0        0x4 C:/ST/STM32CubeIDE_1.16.0/STM32CubeIDE/plugins/com.st.stm32cube.ide.mcu.externaltools.gnu-tools-for-stm32.12.3.rel1.win32_1.0.200.202406191623/tools/bin/../lib/gcc/arm-none-eabi/12.3.1/thumb/v7e-m+fp/hard\libgcc.a(_dvmd_tls.o)
                0x080004f0                __aeabi_idiv0
                0x080004f0                __aeabi_ldiv0
 *(.text*)
 .text.control_actuator
                0x080004f4       0x68 ./Core/Src/main.o
                0x080004f4                control_actuator
 .text.control_loop
                0x0800055c       0x30 ./Core/Src/main.o
                0x0800055c                control_loop
 .text.pwm_init
                0x0800058c       0x74 ./Core/Src/main.o
                0x0800058c                pwm_init
 .text.main     0x08000600       0x54 ./Core/Src/main.o
                0x08000600                main
 .text.MX_GPIO_Init
                0x08000654      0x114 ./Core/Src/main.o
 .text.Error_Handler
                0x08000768        0xc ./Core/Src/main.o
                0x08000768                Error_Handler
 .text.HAL_MspInit
                0x08000774       0x50 ./Core/Src/stm32f4xx_hal_msp.o
                0x08000774                HAL_MspInit
 .text.HAL_ADC_MspInit
                0x080007c4       0x88 ./Core/Src/stm32f4xx_hal_msp.o
                0x080007c4                HAL_ADC_MspInit
 .text.NMI_Handler
                0x0800084c        0x8 ./Core/Src/stm32f4xx_it.o
                0x0800084c                NMI_Handler
 .text.HardFault_Handler
                0x08000854        0x8 ./Core/Src/stm32f4xx_it.o
                0x08000854                HardFault_Handler
 .text.MemManage_Handler
                0x0800085c        0x8 ./Core/Src/stm32f4xx_it.o
                0x0800085c                MemManage_Handler
 .text.BusFault_Handler
                0x08000864        0x8 ./Core/Src/stm32f4xx_it.o
                0x08000864                BusFault_Handler
 .text.UsageFault_Handler
                0x0800086c        0x8 ./Core/Src/stm32f4xx_it.o
                0x0800086c                UsageFault_Handler
 .text.SVC_Handler
                0x08000874        0xe ./Core/Src/stm32f4xx_it.o
                0x08000874                SVC_Handler
 .text.DebugMon_Handler
                0x08000882        0xe ./Core/Src/stm32f4xx_it.o
                0x08000882                DebugMon_Handler
 .text.PendSV_Handler
                0x08000890        0xe ./Core/Src/stm32f4xx_it.o
                0x08000890                PendSV_Handler
 .text.SysTick_Handler
                0x0800089e        0xc ./Core/Src/stm32f4xx_it.o
                0x0800089e                SysTick_Handler
 *fill*         0x080008aa        0x2 
 .text.SystemInit
                0x080008ac       0x24 ./Core/Src/system_stm32f4xx.o
                0x080008ac                SystemInit
 .text.Reset_Handler
                0x080008d0       0x50 ./Core/Startup/startup_stm32f446retx.o
                0x080008d0                Reset_Handler
 .text.Default_Handler
                0x08000920        0x2 ./Core/Startup/startup_stm32f446retx.o
                0x08000920                RTC_Alarm_IRQHandler
                0x08000920                EXTI2_IRQHandler
                0x08000920                TIM8_CC_IRQHandler
                0x08000920                FMPI2C1_EV_IRQHandler
                0x08000920                SPI4_IRQHandler
                0x08000920                TIM1_CC_IRQHandler
                0x08000920                DMA2_Stream5_IRQHandler
                0x08000920                DMA1_Stream5_IRQHandler
                0x08000920                PVD_IRQHandler
                0x08000920                SDIO_IRQHandler
                0x08000920                TAMP_STAMP_IRQHandler
                0x08000920                CAN2_RX1_IRQHandler
                0x08000920                EXTI3_IRQHandler
                0x08000920                TIM8_TRG_COM_TIM14_IRQHandler
                0x08000920                TIM1_UP_TIM10_IRQHandler
                0x08000920                TIM8_UP_TIM13_IRQHandler
                0x08000920                I2C3_ER_IRQHandler
                0x08000920                EXTI0_IRQHandler
                0x08000920                I2C2_EV_IRQHandler
                0x08000920                DMA1_Stream2_IRQHandler
                0x08000920                CAN1_RX0_IRQHandler
                0x08000920                FPU_IRQHandler
                0x08000920                OTG_HS_WKUP_IRQHandler
                0x08000920                CAN2_SCE_IRQHandler
                0x08000920                DMA2_Stream2_IRQHandler
                0x08000920                SPI1_IRQHandler
                0x08000920                TIM6_DAC_IRQHandler
                0x08000920                TIM1_BRK_TIM9_IRQHandler
                0x08000920                DCMI_IRQHandler
                0x08000920                CAN2_RX0_IRQHandler
                0x08000920                DMA2_Stream3_IRQHandler
                0x08000920                SAI2_IRQHandler
                0x08000920                USART6_IRQHandler
                0x08000920                USART3_IRQHandler
                0x08000920                CAN1_RX1_IRQHandler
                0x08000920                UART5_IRQHandler
                0x08000920                DMA2_Stream0_IRQHandler
                0x08000920                QUADSPI_IRQHandler
                0x08000920                I2C1_EV_IRQHandler
                0x08000920                DMA1_Stream6_IRQHandler
                0x08000920                DMA1_Stream1_IRQHandler
                0x08000920                UART4_IRQHandler
                0x08000920                RCC_IRQHandler
                0x08000920                TIM8_BRK_TIM12_IRQHandler
                0x08000920                Default_Handler
                0x08000920                CEC_IRQHandler
                0x08000920                EXTI15_10_IRQHandler
                0x08000920                DMA1_Stream7_IRQHandler
                0x08000920                TIM7_IRQHandler
                0x08000920                CAN2_TX_IRQHandler
                0x08000920                TIM5_IRQHandler
                0x08000920                DMA2_Stream7_IRQHandler
                0x08000920                I2C3_EV_IRQHandler
                0x08000920                EXTI9_5_IRQHandler
                0x08000920                RTC_WKUP_IRQHandler
                0x08000920                SPDIF_RX_IRQHandler
                0x08000920                SPI2_IRQHandler
                0x08000920                OTG_HS_EP1_IN_IRQHandler
                0x08000920                DMA1_Stream0_IRQHandler
                0x08000920                CAN1_TX_IRQHandler
                0x08000920                FMPI2C1_ER_IRQHandler
                0x08000920                EXTI4_IRQHandler
                0x08000920                OTG_HS_EP1_OUT_IRQHandler
                0x08000920                WWDG_IRQHandler
                0x08000920                OTG_FS_WKUP_IRQHandler
                0x08000920                TIM1_TRG_COM_TIM11_IRQHandler
                0x08000920                OTG_HS_IRQHandler
                0x08000920                EXTI1_IRQHandler
                0x08000920                USART2_IRQHandler
                0x08000920                I2C2_ER_IRQHandler
                0x08000920                DMA2_Stream1_IRQHandler
                0x08000920                CAN1_SCE_IRQHandler
                0x08000920                FLASH_IRQHandler
                0x08000920                DMA2_Stream4_IRQHandler
                0x08000920                USART1_IRQHandler
                0x08000920                OTG_FS_IRQHandler
                0x08000920                SPI3_IRQHandler
                0x08000920                DMA1_Stream4_IRQHandler
                0x08000920                I2C1_ER_IRQHandler
                0x08000920                FMC_IRQHandler
                0x08000920                DMA2_Stream6_IRQHandler
                0x08000920                SAI1_IRQHandler
                0x08000920                DMA1_Stream3_IRQHandler
 *fill*         0x08000922        0x2 
 .text.HAL_Init
                0x08000924       0x44 ./Drivers/STM32F4xx_HAL_Driver/Src/stm32f4xx_hal.o
                0x08000924                HAL_Init
 .text.HAL_InitTick
                0x08000968       0x60 ./Drivers/STM32F4xx_HAL_Driver/Src/stm32f4xx_hal.o
                0x08000968                HAL_InitTick
 .text.HAL_IncTick
                0x080009c8       0x28 ./Drivers/STM32F4xx_HAL_Driver/Src/stm32f4xx_hal.o
                0x080009c8                HAL_IncTick
 .text.HAL_GetTick
                0x080009f0       0x18 ./Drivers/STM32F4xx_HAL_Driver/Src/stm32f4xx_hal.o
                0x080009f0                HAL_GetTick
 .text.HAL_ADC_Init
                0x08000a08       0x86 ./Drivers/STM32F4xx_HAL_Driver/Src/stm32f4xx_hal_adc.o
                0x08000a08                HAL_ADC_Init
 *fill*         0x08000a8e        0x2 
 .text.HAL_ADC_Start_IT
                0x08000a90      0x1bc ./Drivers/STM32F4xx_HAL_Driver/Src/stm32f4xx_hal_adc.o
                0x08000a90                HAL_ADC_Start_IT
 .text.HAL_ADC_IRQHandler
                0x08000c4c      0x220 ./Drivers/STM32F4xx_HAL_Driver/Src/stm32f4xx_hal_adc.o
                0x08000c4c                HAL_ADC_IRQHandler
 .text.HAL_ADC_GetValue
                0x08000e6c       0x1a ./Drivers/STM32F4xx_HAL_Driver/Src/stm32f4xx_hal_adc.o
                0x08000e6c                HAL_ADC_GetValue
 .text.HAL_ADC_LevelOutOfWindowCallback
                0x08000e86       0x14 ./Drivers/STM32F4xx_HAL_Driver/Src/stm32f4xx_hal_adc.o
                0x08000e86                HAL_ADC_LevelOutOfWindowCallback
 .text.HAL_ADC_ErrorCallback
                0x08000e9a       0x14 ./Drivers/STM32F4xx_HAL_Driver/Src/stm32f4xx_hal_adc.o
                0x08000e9a                HAL_ADC_ErrorCallback
 *fill*         0x08000eae        0x2 
 .text.HAL_ADC_ConfigChannel
                0x08000eb0      0x264 ./Drivers/STM32F4xx_HAL_Driver/Src/stm32f4xx_hal_adc.o
                0x08000eb0                HAL_ADC_ConfigChannel
 .text.ADC_Init
                0x08001114      0x1f8 ./Drivers/STM32F4xx_HAL_Driver/Src/stm32f4xx_hal_adc.o
 .text.HAL_ADCEx_InjectedConvCpltCallback
                0x0800130c       0x14 ./Drivers/STM32F4xx_HAL_Driver/Src/stm32f4xx_hal_adc_ex.o
                0x0800130c                HAL_ADCEx_InjectedConvCpltCallback
 .text.__NVIC_SetPriorityGrouping
                0x08001320       0x48 ./Drivers/STM32F4xx_HAL_Driver/Src/stm32f4xx_hal_cortex.o
 .text.__NVIC_GetPriorityGrouping
                0x08001368       0x1c ./Drivers/STM32F4xx_HAL_Driver/Src/stm32f4xx_hal_cortex.o
 .text.__NVIC_EnableIRQ
                0x08001384       0x3c ./Drivers/STM32F4xx_HAL_Driver/Src/stm32f4xx_hal_cortex.o
 .text.__NVIC_SetPriority
                0x080013c0       0x54 ./Drivers/STM32F4xx_HAL_Driver/Src/stm32f4xx_hal_cortex.o
 .text.NVIC_EncodePriority
                0x08001414       0x66 ./Drivers/STM32F4xx_HAL_Driver/Src/stm32f4xx_hal_cortex.o
 *fill*         0x0800147a        0x2 
 .text.SysTick_Config
                0x0800147c       0x44 ./Drivers/STM32F4xx_HAL_Driver/Src/stm32f4xx_hal_cortex.o
 .text.HAL_NVIC_SetPriorityGrouping
                0x080014c0       0x16 ./Drivers/STM32F4xx_HAL_Driver/Src/stm32f4xx_hal_cortex.o
                0x080014c0                HAL_NVIC_SetPriorityGrouping
 .text.HAL_NVIC_SetPriority
                0x080014d6       0x38 ./Drivers/STM32F4xx_HAL_Driver/Src/stm32f4xx_hal_cortex.o
                0x080014d6                HAL_NVIC_SetPriority
 .text.HAL_NVIC_EnableIRQ
                0x0800150e       0x1c ./Drivers/STM32F4xx_HAL_Driver/Src/stm32f4xx_hal_cortex.o
                0x0800150e                HAL_NVIC_EnableIRQ
 .text.HAL_SYSTICK_Config
                0x0800152a       0x18 ./Drivers/STM32F4xx_HAL_Driver/Src/stm32f4xx_hal_cortex.o
                0x0800152a                HAL_SYSTICK_Config
 *fill*         0x08001542        0x2 
 .text.HAL_GPIO_Init
                0x08001544      0x328 ./Drivers/STM32F4xx_HAL_Driver/Src/stm32f4xx_hal_gpio.o
                0x08001544                HAL_GPIO_Init
 .text.HAL_GPIO_WritePin
                0x0800186c       0x32 ./Drivers/STM32F4xx_HAL_Driver/Src/stm32f4xx_hal_gpio.o
                0x0800186c                HAL_GPIO_WritePin
 *fill*         0x0800189e        0x2 
 .text.HAL_RCC_ClockConfig
                0x080018a0      0x1cc ./Drivers/STM32F4xx_HAL_Driver/Src/stm32f4xx_hal_rcc.o
                0x080018a0                HAL_RCC_ClockConfig
 .text.HAL_RCC_GetHCLKFreq
                0x08001a6c       0x18 ./Drivers/STM32F4xx_HAL_Driver/Src/stm32f4xx_hal_rcc.o
                0x08001a6c                HAL_RCC_GetHCLKFreq
 .text.HAL_RCC_GetPCLK1Freq
                0x08001a84       0x28 ./Drivers/STM32F4xx_HAL_Driver/Src/stm32f4xx_hal_rcc.o
                0x08001a84                HAL_RCC_GetPCLK1Freq
 .text.HAL_RCC_GetSysClockFreq
                0x08001aac      0x460 ./Drivers/STM32F4xx_HAL_Driver/Src/stm32f4xx_hal_rcc_ex.o
                0x08001aac                HAL_RCC_GetSysClockFreq
 .text.HAL_RCC_OscConfig
                0x08001f0c      0x53c ./Drivers/STM32F4xx_HAL_Driver/Src/stm32f4xx_hal_rcc_ex.o
                0x08001f0c                HAL_RCC_OscConfig
 .text.HAL_TIM_Base_Init
                0x08002448       0x9e ./Drivers/STM32F4xx_HAL_Driver/Src/stm32f4xx_hal_tim.o
                0x08002448                HAL_TIM_Base_Init
 .text.HAL_TIM_Base_MspInit
                0x080024e6       0x14 ./Drivers/STM32F4xx_HAL_Driver/Src/stm32f4xx_hal_tim.o
                0x080024e6                HAL_TIM_Base_MspInit
 *fill*         0x080024fa        0x2 
 .text.HAL_TIM_Base_Start_IT
                0x080024fc       0xe0 ./Drivers/STM32F4xx_HAL_Driver/Src/stm32f4xx_hal_tim.o
                0x080024fc                HAL_TIM_Base_Start_IT
 .text.HAL_TIM_PWM_Init
                0x080025dc       0x9e ./Drivers/STM32F4xx_HAL_Driver/Src/stm32f4xx_hal_tim.o
                0x080025dc                HAL_TIM_PWM_Init
 .text.HAL_TIM_PWM_MspInit
                0x0800267a       0x14 ./Drivers/STM32F4xx_HAL_Driver/Src/stm32f4xx_hal_tim.o
                0x0800267a                HAL_TIM_PWM_MspInit
 *fill*         0x0800268e        0x2 
 .text.HAL_TIM_PWM_Start
                0x08002690      0x190 ./Drivers/STM32F4xx_HAL_Driver/Src/stm32f4xx_hal_tim.o
                0x08002690                HAL_TIM_PWM_Start
 .text.HAL_TIM_IRQHandler
                0x08002820      0x1e0 ./Drivers/STM32F4xx_HAL_Driver/Src/stm32f4xx_hal_tim.o
                0x08002820                HAL_TIM_IRQHandler
 .text.HAL_TIM_PWM_ConfigChannel
                0x08002a00      0x184 ./Drivers/STM32F4xx_HAL_Driver/Src/stm32f4xx_hal_tim.o
                0x08002a00                HAL_TIM_PWM_ConfigChannel
 .text.HAL_TIM_OC_DelayElapsedCallback
                0x08002b84       0x14 ./Drivers/STM32F4xx_HAL_Driver/Src/stm32f4xx_hal_tim.o
                0x08002b84                HAL_TIM_OC_DelayElapsedCallback
 .text.HAL_TIM_IC_CaptureCallback
                0x08002b98       0x14 ./Drivers/STM32F4xx_HAL_Driver/Src/stm32f4xx_hal_tim.o
                0x08002b98                HAL_TIM_IC_CaptureCallback
 .text.HAL_TIM_PWM_PulseFinishedCallback
                0x08002bac       0x14 ./Drivers/STM32F4xx_HAL_Driver/Src/stm32f4xx_hal_tim.o
                0x08002bac                HAL_TIM_PWM_PulseFinishedCallback
 .text.HAL_TIM_TriggerCallback
                0x08002bc0       0x14 ./Drivers/STM32F4xx_HAL_Driver/Src/stm32f4xx_hal_tim.o
                0x08002bc0                HAL_TIM_TriggerCallback
 .text.TIM_Base_SetConfig
                0x08002bd4      0x14c ./Drivers/STM32F4xx_HAL_Driver/Src/stm32f4xx_hal_tim.o
                0x08002bd4                TIM_Base_SetConfig
 .text.TIM_OC1_SetConfig
                0x08002d20       0xe0 ./Drivers/STM32F4xx_HAL_Driver/Src/stm32f4xx_hal_tim.o
 .text.TIM_OC2_SetConfig
                0x08002e00       0xec ./Drivers/STM32F4xx_HAL_Driver/Src/stm32f4xx_hal_tim.o
                0x08002e00                TIM_OC2_SetConfig
 .text.TIM_OC3_SetConfig
                0x08002eec       0xe8 ./Drivers/STM32F4xx_HAL_Driver/Src/stm32f4xx_hal_tim.o
 .text.TIM_OC4_SetConfig
                0x08002fd4       0xac ./Drivers/STM32F4xx_HAL_Driver/Src/stm32f4xx_hal_tim.o
 .text.TIM_CCxChannelCmd
                0x08003080       0x4a ./Drivers/STM32F4xx_HAL_Driver/Src/stm32f4xx_hal_tim.o
                0x08003080                TIM_CCxChannelCmd
 .text.HAL_TIMEx_CommutCallback
                0x080030ca       0x14 ./Drivers/STM32F4xx_HAL_Driver/Src/stm32f4xx_hal_tim_ex.o
                0x080030ca                HAL_TIMEx_CommutCallback
 .text.HAL_TIMEx_BreakCallback
                0x080030de       0x14 ./Drivers/STM32F4xx_HAL_Driver/Src/stm32f4xx_hal_tim_ex.o
                0x080030de                HAL_TIMEx_BreakCallback
 *fill*         0x080030f2        0x2 
 .text.HAL_ADC_ConvCpltCallback
                0x080030f4       0x30 ./libs/src/adc.o
                0x080030f4                HAL_ADC_ConvCpltCallback
 .text.ADC_IRQHandler
                0x08003124       0x20 ./libs/src/adc.o
                0x08003124                ADC_IRQHandler
 .text.adc_start
                0x08003144       0x20 ./libs/src/adc.o
                0x08003144                adc_start
 .text.adc_init
                0x08003164       0xb0 ./libs/src/adc.o
                0x08003164                adc_init
 .text.pid_init
                0x08003214       0x3c ./libs/src/pid.o
                0x08003214                pid_init
 .text.pid_reset
                0x08003250       0x28 ./libs/src/pid.o
                0x08003250                pid_reset
 .text.pid_control
                0x08003278      0x124 ./libs/src/pid.o
                0x08003278                pid_control
 .text.SystemClock_Config
                0x0800339c       0xdc ./libs/src/system_init.o
                0x0800339c                SystemClock_Config
 .text.timer_init
                0x08003478      0x184 ./libs/src/timer.o
                0x08003478                timer_init
 .text.TIM2_IRQHandler
                0x080035fc       0x14 ./libs/src/timer.o
                0x080035fc                TIM2_IRQHandler
 .text.TIM3_IRQHandler
                0x08003610       0x14 ./libs/src/timer.o
                0x08003610                TIM3_IRQHandler
 .text.TIM4_IRQHandler
                0x08003624       0x14 ./libs/src/timer.o
                0x08003624                TIM4_IRQHandler
 .text.HAL_TIM_PeriodElapsedCallback
                0x08003638       0x74 ./libs/src/timer.o
                0x08003638                HAL_TIM_PeriodElapsedCallback
 .text.memset   0x080036ac       0x10 C:/ST/STM32CubeIDE_1.16.0/STM32CubeIDE/plugins/com.st.stm32cube.ide.mcu.externaltools.gnu-tools-for-stm32.12.3.rel1.win32_1.0.200.202406191623/tools/bin/../lib/gcc/arm-none-eabi/12.3.1/../../../../arm-none-eabi/lib/thumb/v7e-m+fp/hard\libc_nano.a(libc_a-memset.o)
                0x080036ac                memset
 .text.__libc_init_array
                0x080036bc       0x48 C:/ST/STM32CubeIDE_1.16.0/STM32CubeIDE/plugins/com.st.stm32cube.ide.mcu.externaltools.gnu-tools-for-stm32.12.3.rel1.win32_1.0.200.202406191623/tools/bin/../lib/gcc/arm-none-eabi/12.3.1/../../../../arm-none-eabi/lib/thumb/v7e-m+fp/hard\libc_nano.a(libc_a-init.o)
                0x080036bc                __libc_init_array
 *(.glue_7)
 .glue_7        0x08003704        0x0 linker stubs
 *(.glue_7t)
 .glue_7t       0x08003704        0x0 linker stubs
 *(.eh_frame)
 .eh_frame      0x08003704        0x0 C:/ST/STM32CubeIDE_1.16.0/STM32CubeIDE/plugins/com.st.stm32cube.ide.mcu.externaltools.gnu-tools-for-stm32.12.3.rel1.win32_1.0.200.202406191623/tools/bin/../lib/gcc/arm-none-eabi/12.3.1/thumb/v7e-m+fp/hard/crtbegin.o
 *(.init)
 .init          0x08003704        0x4 C:/ST/STM32CubeIDE_1.16.0/STM32CubeIDE/plugins/com.st.stm32cube.ide.mcu.externaltools.gnu-tools-for-stm32.12.3.rel1.win32_1.0.200.202406191623/tools/bin/../lib/gcc/arm-none-eabi/12.3.1/thumb/v7e-m+fp/hard/crti.o
                0x08003704                _init
 .init          0x08003708        0x8 C:/ST/STM32CubeIDE_1.16.0/STM32CubeIDE/plugins/com.st.stm32cube.ide.mcu.externaltools.gnu-tools-for-stm32.12.3.rel1.win32_1.0.200.202406191623/tools/bin/../lib/gcc/arm-none-eabi/12.3.1/thumb/v7e-m+fp/hard/crtn.o
 *(.fini)
 .fini          0x08003710        0x4 C:/ST/STM32CubeIDE_1.16.0/STM32CubeIDE/plugins/com.st.stm32cube.ide.mcu.externaltools.gnu-tools-for-stm32.12.3.rel1.win32_1.0.200.202406191623/tools/bin/../lib/gcc/arm-none-eabi/12.3.1/thumb/v7e-m+fp/hard/crti.o
                0x08003710                _fini
 .fini          0x08003714        0x8 C:/ST/STM32CubeIDE_1.16.0/STM32CubeIDE/plugins/com.st.stm32cube.ide.mcu.externaltools.gnu-tools-for-stm32.12.3.rel1.win32_1.0.200.202406191623/tools/bin/../lib/gcc/arm-none-eabi/12.3.1/thumb/v7e-m+fp/hard/crtn.o
                0x0800371c                        . = ALIGN (0x4)
                0x0800371c                        _etext = .

.vfp11_veneer   0x0800371c        0x0
 .vfp11_veneer  0x0800371c        0x0 linker stubs

.v4_bx          0x0800371c        0x0
 .v4_bx         0x0800371c        0x0 linker stubs

.iplt           0x0800371c        0x0
 .iplt          0x0800371c        0x0 C:/ST/STM32CubeIDE_1.16.0/STM32CubeIDE/plugins/com.st.stm32cube.ide.mcu.externaltools.gnu-tools-for-stm32.12.3.rel1.win32_1.0.200.202406191623/tools/bin/../lib/gcc/arm-none-eabi/12.3.1/thumb/v7e-m+fp/hard/crtbegin.o

.rodata         0x0800371c       0x18
                0x0800371c                        . = ALIGN (0x4)
 *(.rodata)
 *(.rodata*)
 .rodata.AHBPrescTable
                0x0800371c       0x10 ./Core/Src/system_stm32f4xx.o
                0x0800371c                AHBPrescTable
 .rodata.APBPrescTable
                0x0800372c        0x8 ./Core/Src/system_stm32f4xx.o
                0x0800372c                APBPrescTable
                0x08003734                        . = ALIGN (0x4)

.ARM.extab      0x08003734        0x0
                0x08003734                        . = ALIGN (0x4)
 *(.ARM.extab* .gnu.linkonce.armextab.*)
                0x08003734                        . = ALIGN (0x4)

.ARM            0x08003734        0x8
                0x08003734                        . = ALIGN (0x4)
                0x08003734                        __exidx_start = .
 *(.ARM.exidx*)
 .ARM.exidx     0x08003734        0x8 C:/ST/STM32CubeIDE_1.16.0/STM32CubeIDE/plugins/com.st.stm32cube.ide.mcu.externaltools.gnu-tools-for-stm32.12.3.rel1.win32_1.0.200.202406191623/tools/bin/../lib/gcc/arm-none-eabi/12.3.1/thumb/v7e-m+fp/hard\libgcc.a(_udivmoddi4.o)
                0x0800373c                        __exidx_end = .
                0x0800373c                        . = ALIGN (0x4)

.preinit_array  0x0800373c        0x0
                0x0800373c                        . = ALIGN (0x4)
                0x0800373c                        PROVIDE (__preinit_array_start = .)
 *(.preinit_array*)
                0x0800373c                        PROVIDE (__preinit_array_end = .)
                0x0800373c                        . = ALIGN (0x4)

.init_array     0x0800373c        0x4
                0x0800373c                        . = ALIGN (0x4)
                0x0800373c                        PROVIDE (__init_array_start = .)
 *(SORT_BY_NAME(.init_array.*))
 *(.init_array*)
 .init_array    0x0800373c        0x4 C:/ST/STM32CubeIDE_1.16.0/STM32CubeIDE/plugins/com.st.stm32cube.ide.mcu.externaltools.gnu-tools-for-stm32.12.3.rel1.win32_1.0.200.202406191623/tools/bin/../lib/gcc/arm-none-eabi/12.3.1/thumb/v7e-m+fp/hard/crtbegin.o
                0x08003740                        PROVIDE (__init_array_end = .)
                0x08003740                        . = ALIGN (0x4)

.fini_array     0x08003740        0x4
                0x08003740                        . = ALIGN (0x4)
                [!provide]                        PROVIDE (__fini_array_start = .)
 *(SORT_BY_NAME(.fini_array.*))
 *(.fini_array*)
 .fini_array    0x08003740        0x4 C:/ST/STM32CubeIDE_1.16.0/STM32CubeIDE/plugins/com.st.stm32cube.ide.mcu.externaltools.gnu-tools-for-stm32.12.3.rel1.win32_1.0.200.202406191623/tools/bin/../lib/gcc/arm-none-eabi/12.3.1/thumb/v7e-m+fp/hard/crtbegin.o
                [!provide]                        PROVIDE (__fini_array_end = .)
                0x08003744                        . = ALIGN (0x4)
                0x08003744                        _sidata = LOADADDR (.data)

.rel.dyn        0x08003744        0x0
 .rel.iplt      0x08003744        0x0 C:/ST/STM32CubeIDE_1.16.0/STM32CubeIDE/plugins/com.st.stm32cube.ide.mcu.externaltools.gnu-tools-for-stm32.12.3.rel1.win32_1.0.200.202406191623/tools/bin/../lib/gcc/arm-none-eabi/12.3.1/thumb/v7e-m+fp/hard/crtbegin.o

.data           0x20000000       0x14 load address 0x08003744
                0x20000000                        . = ALIGN (0x4)
                0x20000000                        _sdata = .
 *(.data)
 *(.data*)
 .data.position_targets
                0x20000000        0x8 ./Core/Src/main.o
                0x20000000                position_targets
 .data.SystemCoreClock
                0x20000008        0x4 ./Core/Src/system_stm32f4xx.o
                0x20000008                SystemCoreClock
 .data.uwTickPrio
                0x2000000c        0x4 ./Drivers/STM32F4xx_HAL_Driver/Src/stm32f4xx_hal.o
                0x2000000c                uwTickPrio
 .data.uwTickFreq
                0x20000010        0x1 ./Drivers/STM32F4xx_HAL_Driver/Src/stm32f4xx_hal.o
                0x20000010                uwTickFreq
 *(.RamFunc)
 *(.RamFunc*)
                0x20000014                        . = ALIGN (0x4)
 *fill*         0x20000011        0x3 
                0x20000014                        _edata = .

.igot.plt       0x20000014        0x0 load address 0x08003758
 .igot.plt      0x20000014        0x0 C:/ST/STM32CubeIDE_1.16.0/STM32CubeIDE/plugins/com.st.stm32cube.ide.mcu.externaltools.gnu-tools-for-stm32.12.3.rel1.win32_1.0.200.202406191623/tools/bin/../lib/gcc/arm-none-eabi/12.3.1/thumb/v7e-m+fp/hard/crtbegin.o
                0x20000014                        . = ALIGN (0x4)

.bss            0x20000014      0x174 load address 0x08003758
                0x20000014                        _sbss = .
                0x20000014                        __bss_start__ = _sbss
 *(.bss)
 .bss           0x20000014       0x1c C:/ST/STM32CubeIDE_1.16.0/STM32CubeIDE/plugins/com.st.stm32cube.ide.mcu.externaltools.gnu-tools-for-stm32.12.3.rel1.win32_1.0.200.202406191623/tools/bin/../lib/gcc/arm-none-eabi/12.3.1/thumb/v7e-m+fp/hard/crtbegin.o
 *(.bss*)
 .bss.pwm       0x20000030        0x4 ./Core/Src/main.o
                0x20000030                pwm
 .bss.target_pos_index
                0x20000034        0x4 ./Core/Src/main.o
                0x20000034                target_pos_index
 .bss.target_adc
                0x20000038        0x2 ./Core/Src/main.o
                0x20000038                target_adc
 *fill*         0x2000003a        0x2 
 .bss.uwTick    0x2000003c        0x4 ./Drivers/STM32F4xx_HAL_Driver/Src/stm32f4xx_hal.o
                0x2000003c                uwTick
 .bss.adc_value
                0x20000040        0x2 ./libs/src/adc.o
                0x20000040                adc_value
 *fill*         0x20000042        0x2 
 .bss.hadc1     0x20000044       0x48 ./libs/src/adc.o
                0x20000044                hadc1
 .bss.active_hadc
                0x2000008c        0x4 ./libs/src/adc.o
 .bss.g_kp      0x20000090        0x4 ./libs/src/pid.o
 .bss.g_ki      0x20000094        0x4 ./libs/src/pid.o
 .bss.g_kd      0x20000098        0x4 ./libs/src/pid.o
 .bss.pid_integral
                0x2000009c        0x4 ./libs/src/pid.o
 .bss.pid_prev_error
                0x200000a0        0x4 ./libs/src/pid.o
 .bss.htim2     0x200000a4       0x48 ./libs/src/timer.o
                0x200000a4                htim2
 .bss.htim3     0x200000ec       0x48 ./libs/src/timer.o
                0x200000ec                htim3
 .bss.htim4     0x20000134       0x48 ./libs/src/timer.o
                0x20000134                htim4
 .bss.callback_tim2
                0x2000017c        0x4 ./libs/src/timer.o
                0x2000017c                callback_tim2
 .bss.callback_tim3
                0x20000180        0x4 ./libs/src/timer.o
                0x20000180                callback_tim3
 .bss.callback_tim4
                0x20000184        0x4 ./libs/src/timer.o
                0x20000184                callback_tim4
 *(COMMON)
                0x20000188                        . = ALIGN (0x4)
                0x20000188                        _ebss = .
                0x20000188                        __bss_end__ = _ebss

._user_heap_stack
                0x20000188      0x600 load address 0x08003758
                0x20000188                        . = ALIGN (0x8)
                [!provide]                        PROVIDE (end = .)
                0x20000188                        PROVIDE (_end = .)
                0x20000388                        . = (. + _Min_Heap_Size)
 *fill*         0x20000188      0x200 
                0x20000788                        . = (. + _Min_Stack_Size)
 *fill*         0x20000388      0x400 
                0x20000788                        . = ALIGN (0x8)

/DISCARD/
 libc.a(*)
 libm.a(*)
 libgcc.a(*)

.ARM.attributes
                0x00000000       0x30
 *(.ARM.attributes)
 .ARM.attributes
                0x00000000       0x22 C:/ST/STM32CubeIDE_1.16.0/STM32CubeIDE/plugins/com.st.stm32cube.ide.mcu.externaltools.gnu-tools-for-stm32.12.3.rel1.win32_1.0.200.202406191623/tools/bin/../lib/gcc/arm-none-eabi/12.3.1/thumb/v7e-m+fp/hard/crti.o
 .ARM.attributes
                0x00000022       0x34 C:/ST/STM32CubeIDE_1.16.0/STM32CubeIDE/plugins/com.st.stm32cube.ide.mcu.externaltools.gnu-tools-for-stm32.12.3.rel1.win32_1.0.200.202406191623/tools/bin/../lib/gcc/arm-none-eabi/12.3.1/thumb/v7e-m+fp/hard/crtbegin.o
 .ARM.attributes
                0x00000056       0x34 ./Core/Src/main.o
 .ARM.attributes
                0x0000008a       0x34 ./Core/Src/stm32f4xx_hal_msp.o
 .ARM.attributes
                0x000000be       0x34 ./Core/Src/stm32f4xx_it.o
 .ARM.attributes
                0x000000f2       0x34 ./Core/Src/system_stm32f4xx.o
 .ARM.attributes
                0x00000126       0x21 ./Core/Startup/startup_stm32f446retx.o
 .ARM.attributes
                0x00000147       0x34 ./Drivers/STM32F4xx_HAL_Driver/Src/stm32f4xx_hal.o
 .ARM.attributes
                0x0000017b       0x34 ./Drivers/STM32F4xx_HAL_Driver/Src/stm32f4xx_hal_adc.o
 .ARM.attributes
                0x000001af       0x34 ./Drivers/STM32F4xx_HAL_Driver/Src/stm32f4xx_hal_adc_ex.o
 .ARM.attributes
                0x000001e3       0x34 ./Drivers/STM32F4xx_HAL_Driver/Src/stm32f4xx_hal_cortex.o
 .ARM.attributes
                0x00000217       0x34 ./Drivers/STM32F4xx_HAL_Driver/Src/stm32f4xx_hal_gpio.o
 .ARM.attributes
                0x0000024b       0x34 ./Drivers/STM32F4xx_HAL_Driver/Src/stm32f4xx_hal_rcc.o
 .ARM.attributes
                0x0000027f       0x34 ./Drivers/STM32F4xx_HAL_Driver/Src/stm32f4xx_hal_rcc_ex.o
 .ARM.attributes
                0x000002b3       0x34 ./Drivers/STM32F4xx_HAL_Driver/Src/stm32f4xx_hal_tim.o
 .ARM.attributes
                0x000002e7       0x34 ./Drivers/STM32F4xx_HAL_Driver/Src/stm32f4xx_hal_tim_ex.o
 .ARM.attributes
                0x0000031b       0x34 ./libs/src/adc.o
 .ARM.attributes
                0x0000034f       0x34 ./libs/src/pid.o
 .ARM.attributes
                0x00000383       0x34 ./libs/src/system_init.o
 .ARM.attributes
                0x000003b7       0x34 ./libs/src/timer.o
 .ARM.attributes
                0x000003eb       0x34 C:/ST/STM32CubeIDE_1.16.0/STM32CubeIDE/plugins/com.st.stm32cube.ide.mcu.externaltools.gnu-tools-for-stm32.12.3.rel1.win32_1.0.200.202406191623/tools/bin/../lib/gcc/arm-none-eabi/12.3.1/../../../../arm-none-eabi/lib/thumb/v7e-m+fp/hard\libc_nano.a(libc_a-memset.o)
 .ARM.attributes
                0x0000041f       0x34 C:/ST/STM32CubeIDE_1.16.0/STM32CubeIDE/plugins/com.st.stm32cube.ide.mcu.externaltools.gnu-tools-for-stm32.12.3.rel1.win32_1.0.200.202406191623/tools/bin/../lib/gcc/arm-none-eabi/12.3.1/../../../../arm-none-eabi/lib/thumb/v7e-m+fp/hard\libc_nano.a(libc_a-init.o)
 .ARM.attributes
                0x00000453       0x22 C:/ST/STM32CubeIDE_1.16.0/STM32CubeIDE/plugins/com.st.stm32cube.ide.mcu.externaltools.gnu-tools-for-stm32.12.3.rel1.win32_1.0.200.202406191623/tools/bin/../lib/gcc/arm-none-eabi/12.3.1/thumb/v7e-m+fp/hard\libgcc.a(_aeabi_uldivmod.o)
 .ARM.attributes
                0x00000475       0x34 C:/ST/STM32CubeIDE_1.16.0/STM32CubeIDE/plugins/com.st.stm32cube.ide.mcu.externaltools.gnu-tools-for-stm32.12.3.rel1.win32_1.0.200.202406191623/tools/bin/../lib/gcc/arm-none-eabi/12.3.1/thumb/v7e-m+fp/hard\libgcc.a(_udivmoddi4.o)
 .ARM.attributes
                0x000004a9       0x22 C:/ST/STM32CubeIDE_1.16.0/STM32CubeIDE/plugins/com.st.stm32cube.ide.mcu.externaltools.gnu-tools-for-stm32.12.3.rel1.win32_1.0.200.202406191623/tools/bin/../lib/gcc/arm-none-eabi/12.3.1/thumb/v7e-m+fp/hard\libgcc.a(_dvmd_tls.o)
 .ARM.attributes
                0x000004cb       0x22 C:/ST/STM32CubeIDE_1.16.0/STM32CubeIDE/plugins/com.st.stm32cube.ide.mcu.externaltools.gnu-tools-for-stm32.12.3.rel1.win32_1.0.200.202406191623/tools/bin/../lib/gcc/arm-none-eabi/12.3.1/thumb/v7e-m+fp/hard/crtn.o
OUTPUT(linear_actuator_pos_control.elf elf32-littlearm)
LOAD linker stubs
LOAD C:/ST/STM32CubeIDE_1.16.0/STM32CubeIDE/plugins/com.st.stm32cube.ide.mcu.externaltools.gnu-tools-for-stm32.12.3.rel1.win32_1.0.200.202406191623/tools/bin/../lib/gcc/arm-none-eabi/12.3.1/../../../../arm-none-eabi/lib/thumb/v7e-m+fp/hard\libc.a
LOAD C:/ST/STM32CubeIDE_1.16.0/STM32CubeIDE/plugins/com.st.stm32cube.ide.mcu.externaltools.gnu-tools-for-stm32.12.3.rel1.win32_1.0.200.202406191623/tools/bin/../lib/gcc/arm-none-eabi/12.3.1/../../../../arm-none-eabi/lib/thumb/v7e-m+fp/hard\libm.a
LOAD C:/ST/STM32CubeIDE_1.16.0/STM32CubeIDE/plugins/com.st.stm32cube.ide.mcu.externaltools.gnu-tools-for-stm32.12.3.rel1.win32_1.0.200.202406191623/tools/bin/../lib/gcc/arm-none-eabi/12.3.1/thumb/v7e-m+fp/hard\libgcc.a

.debug_info     0x00000000     0xc5e1
 .debug_info    0x00000000      0xf4a ./Core/Src/main.o
 .debug_info    0x00000f4a      0xc1a ./Core/Src/stm32f4xx_hal_msp.o
 .debug_info    0x00001b64      0x112 ./Core/Src/stm32f4xx_it.o
 .debug_info    0x00001c76      0x54a ./Core/Src/system_stm32f4xx.o
 .debug_info    0x000021c0       0x30 ./Core/Startup/startup_stm32f446retx.o
 .debug_info    0x000021f0      0x99a ./Drivers/STM32F4xx_HAL_Driver/Src/stm32f4xx_hal.o
 .debug_info    0x00002b8a      0xce3 ./Drivers/STM32F4xx_HAL_Driver/Src/stm32f4xx_hal_adc.o
 .debug_info    0x0000386d      0xb68 ./Drivers/STM32F4xx_HAL_Driver/Src/stm32f4xx_hal_adc_ex.o
 .debug_info    0x000043d5      0xdaa ./Drivers/STM32F4xx_HAL_Driver/Src/stm32f4xx_hal_cortex.o
 .debug_info    0x0000517f      0x70b ./Drivers/STM32F4xx_HAL_Driver/Src/stm32f4xx_hal_gpio.o
 .debug_info    0x0000588a      0x8ff ./Drivers/STM32F4xx_HAL_Driver/Src/stm32f4xx_hal_rcc.o
 .debug_info    0x00006189      0x960 ./Drivers/STM32F4xx_HAL_Driver/Src/stm32f4xx_hal_rcc_ex.o
 .debug_info    0x00006ae9     0x299d ./Drivers/STM32F4xx_HAL_Driver/Src/stm32f4xx_hal_tim.o
 .debug_info    0x00009486     0x14db ./Drivers/STM32F4xx_HAL_Driver/Src/stm32f4xx_hal_tim_ex.o
 .debug_info    0x0000a961      0x9aa ./libs/src/adc.o
 .debug_info    0x0000b30b      0x12f ./libs/src/pid.o
 .debug_info    0x0000b43a      0x4d7 ./libs/src/system_init.o
 .debug_info    0x0000b911      0xcd0 ./libs/src/timer.o

.debug_abbrev   0x00000000     0x2205
 .debug_abbrev  0x00000000      0x2b1 ./Core/Src/main.o
 .debug_abbrev  0x000002b1      0x1c2 ./Core/Src/stm32f4xx_hal_msp.o
 .debug_abbrev  0x00000473       0x73 ./Core/Src/stm32f4xx_it.o
 .debug_abbrev  0x000004e6      0x11a ./Core/Src/system_stm32f4xx.o
 .debug_abbrev  0x00000600       0x24 ./Core/Startup/startup_stm32f446retx.o
 .debug_abbrev  0x00000624      0x214 ./Drivers/STM32F4xx_HAL_Driver/Src/stm32f4xx_hal.o
 .debug_abbrev  0x00000838      0x252 ./Drivers/STM32F4xx_HAL_Driver/Src/stm32f4xx_hal_adc.o
 .debug_abbrev  0x00000a8a      0x270 ./Drivers/STM32F4xx_HAL_Driver/Src/stm32f4xx_hal_adc_ex.o
 .debug_abbrev  0x00000cfa      0x31d ./Drivers/STM32F4xx_HAL_Driver/Src/stm32f4xx_hal_cortex.o
 .debug_abbrev  0x00001017      0x1d4 ./Drivers/STM32F4xx_HAL_Driver/Src/stm32f4xx_hal_gpio.o
 .debug_abbrev  0x000011eb      0x2b7 ./Drivers/STM32F4xx_HAL_Driver/Src/stm32f4xx_hal_rcc.o
 .debug_abbrev  0x000014a2      0x211 ./Drivers/STM32F4xx_HAL_Driver/Src/stm32f4xx_hal_rcc_ex.o
 .debug_abbrev  0x000016b3      0x278 ./Drivers/STM32F4xx_HAL_Driver/Src/stm32f4xx_hal_tim.o
 .debug_abbrev  0x0000192b      0x283 ./Drivers/STM32F4xx_HAL_Driver/Src/stm32f4xx_hal_tim_ex.o
 .debug_abbrev  0x00001bae      0x1ed ./libs/src/adc.o
 .debug_abbrev  0x00001d9b       0xa8 ./libs/src/pid.o
 .debug_abbrev  0x00001e43      0x18b ./libs/src/system_init.o
 .debug_abbrev  0x00001fce      0x237 ./libs/src/timer.o

.debug_aranges  0x00000000      0xc28
 .debug_aranges
                0x00000000       0x48 ./Core/Src/main.o
 .debug_aranges
                0x00000048       0x40 ./Core/Src/stm32f4xx_hal_msp.o
 .debug_aranges
                0x00000088       0x60 ./Core/Src/stm32f4xx_it.o
 .debug_aranges
                0x000000e8       0x28 ./Core/Src/system_stm32f4xx.o
 .debug_aranges
                0x00000110       0x28 ./Core/Startup/startup_stm32f446retx.o
 .debug_aranges
                0x00000138       0xf0 ./Drivers/STM32F4xx_HAL_Driver/Src/stm32f4xx_hal.o
 .debug_aranges
                0x00000228       0xe8 ./Drivers/STM32F4xx_HAL_Driver/Src/stm32f4xx_hal_adc.o
 .debug_aranges
                0x00000310       0x90 ./Drivers/STM32F4xx_HAL_Driver/Src/stm32f4xx_hal_adc_ex.o
 .debug_aranges
                0x000003a0      0x130 ./Drivers/STM32F4xx_HAL_Driver/Src/stm32f4xx_hal_cortex.o
 .debug_aranges
                0x000004d0       0x58 ./Drivers/STM32F4xx_HAL_Driver/Src/stm32f4xx_hal_gpio.o
 .debug_aranges
                0x00000528       0x88 ./Drivers/STM32F4xx_HAL_Driver/Src/stm32f4xx_hal_rcc.o
 .debug_aranges
                0x000005b0       0x78 ./Drivers/STM32F4xx_HAL_Driver/Src/stm32f4xx_hal_rcc_ex.o
 .debug_aranges
                0x00000628      0x3d0 ./Drivers/STM32F4xx_HAL_Driver/Src/stm32f4xx_hal_tim.o
 .debug_aranges
                0x000009f8      0x168 ./Drivers/STM32F4xx_HAL_Driver/Src/stm32f4xx_hal_tim_ex.o
 .debug_aranges
                0x00000b60       0x38 ./libs/src/adc.o
 .debug_aranges
                0x00000b98       0x30 ./libs/src/pid.o
 .debug_aranges
                0x00000bc8       0x20 ./libs/src/system_init.o
 .debug_aranges
                0x00000be8       0x40 ./libs/src/timer.o

.debug_rnglists
                0x00000000      0x952
 .debug_rnglists
                0x00000000       0x32 ./Core/Src/main.o
 .debug_rnglists
                0x00000032       0x2d ./Core/Src/stm32f4xx_hal_msp.o
 .debug_rnglists
                0x0000005f       0x43 ./Core/Src/stm32f4xx_it.o
 .debug_rnglists
                0x000000a2       0x1a ./Core/Src/system_stm32f4xx.o
 .debug_rnglists
                0x000000bc       0x19 ./Core/Startup/startup_stm32f446retx.o
 .debug_rnglists
                0x000000d5       0xaf ./Drivers/STM32F4xx_HAL_Driver/Src/stm32f4xx_hal.o
 .debug_rnglists
                0x00000184       0xb5 ./Drivers/STM32F4xx_HAL_Driver/Src/stm32f4xx_hal_adc.o
 .debug_rnglists
                0x00000239       0x71 ./Drivers/STM32F4xx_HAL_Driver/Src/stm32f4xx_hal_adc_ex.o
 .debug_rnglists
                0x000002aa       0xe0 ./Drivers/STM32F4xx_HAL_Driver/Src/stm32f4xx_hal_cortex.o
 .debug_rnglists
                0x0000038a       0x3f ./Drivers/STM32F4xx_HAL_Driver/Src/stm32f4xx_hal_gpio.o
 .debug_rnglists
                0x000003c9       0x66 ./Drivers/STM32F4xx_HAL_Driver/Src/stm32f4xx_hal_rcc.o
 .debug_rnglists
                0x0000042f       0x5e ./Drivers/STM32F4xx_HAL_Driver/Src/stm32f4xx_hal_rcc_ex.o
 .debug_rnglists
                0x0000048d      0x31a ./Drivers/STM32F4xx_HAL_Driver/Src/stm32f4xx_hal_tim.o
 .debug_rnglists
                0x000007a7      0x125 ./Drivers/STM32F4xx_HAL_Driver/Src/stm32f4xx_hal_tim_ex.o
 .debug_rnglists
                0x000008cc       0x26 ./libs/src/adc.o
 .debug_rnglists
                0x000008f2       0x20 ./libs/src/pid.o
 .debug_rnglists
                0x00000912       0x14 ./libs/src/system_init.o
 .debug_rnglists
                0x00000926       0x2c ./libs/src/timer.o

.debug_macro    0x00000000    0x22ba9
 .debug_macro   0x00000000      0x245 ./Core/Src/main.o
 .debug_macro   0x00000245      0xab4 ./Core/Src/main.o
 .debug_macro   0x00000cf9      0x2a1 ./Core/Src/main.o
 .debug_macro   0x00000f9a       0x2e ./Core/Src/main.o
 .debug_macro   0x00000fc8       0x28 ./Core/Src/main.o
 .debug_macro   0x00000ff0       0x22 ./Core/Src/main.o
 .debug_macro   0x00001012       0x8e ./Core/Src/main.o
 .debug_macro   0x000010a0       0x51 ./Core/Src/main.o
 .debug_macro   0x000010f1      0x103 ./Core/Src/main.o
 .debug_macro   0x000011f4       0x6a ./Core/Src/main.o
 .debug_macro   0x0000125e      0x1df ./Core/Src/main.o
 .debug_macro   0x0000143d       0x1c ./Core/Src/main.o
 .debug_macro   0x00001459       0x22 ./Core/Src/main.o
 .debug_macro   0x0000147b       0xfb ./Core/Src/main.o
 .debug_macro   0x00001576     0x1011 ./Core/Src/main.o
 .debug_macro   0x00002587      0x11f ./Core/Src/main.o
 .debug_macro   0x000026a6    0x1675e ./Core/Src/main.o
 .debug_macro   0x00018e04       0x6d ./Core/Src/main.o
 .debug_macro   0x00018e71     0x3693 ./Core/Src/main.o
 .debug_macro   0x0001c504      0x189 ./Core/Src/main.o
 .debug_macro   0x0001c68d       0x5c ./Core/Src/main.o
 .debug_macro   0x0001c6e9      0xca5 ./Core/Src/main.o
 .debug_macro   0x0001d38e      0x9e9 ./Core/Src/main.o
 .debug_macro   0x0001dd77      0x115 ./Core/Src/main.o
 .debug_macro   0x0001de8c      0x1a0 ./Core/Src/main.o
 .debug_macro   0x0001e02c       0xa5 ./Core/Src/main.o
 .debug_macro   0x0001e0d1      0x16d ./Core/Src/main.o
 .debug_macro   0x0001e23e      0x287 ./Core/Src/main.o
 .debug_macro   0x0001e4c5       0x5f ./Core/Src/main.o
 .debug_macro   0x0001e524      0x236 ./Core/Src/main.o
 .debug_macro   0x0001e75a      0xb5b ./Core/Src/main.o
 .debug_macro   0x0001f2b5      0x38b ./Core/Src/main.o
 .debug_macro   0x0001f640      0x17d ./Core/Src/main.o
 .debug_macro   0x0001f7bd       0xf9 ./Core/Src/main.o
 .debug_macro   0x0001f8b6      0x132 ./Core/Src/main.o
 .debug_macro   0x0001f9e8      0x29c ./Core/Src/main.o
 .debug_macro   0x0001fc84       0x2e ./Core/Src/main.o
 .debug_macro   0x0001fcb2      0x127 ./Core/Src/main.o
 .debug_macro   0x0001fdd9       0xe8 ./Core/Src/main.o
 .debug_macro   0x0001fec1       0x89 ./Core/Src/main.o
 .debug_macro   0x0001ff4a      0x8ed ./Core/Src/main.o
 .debug_macro   0x00020837       0x53 ./Core/Src/main.o
 .debug_macro   0x0002088a      0x2aa ./Core/Src/main.o
 .debug_macro   0x00020b34      0x126 ./Core/Src/main.o
 .debug_macro   0x00020c5a       0x58 ./Core/Src/main.o
 .debug_macro   0x00020cb2      0x22d ./Core/Src/stm32f4xx_hal_msp.o
 .debug_macro   0x00020edf      0x237 ./Core/Src/stm32f4xx_it.o
 .debug_macro   0x00021116      0x1f6 ./Core/Src/system_stm32f4xx.o
 .debug_macro   0x0002130c      0x256 ./Drivers/STM32F4xx_HAL_Driver/Src/stm32f4xx_hal.o
 .debug_macro   0x00021562      0x1f7 ./Drivers/STM32F4xx_HAL_Driver/Src/stm32f4xx_hal_adc.o
 .debug_macro   0x00021759      0x1f6 ./Drivers/STM32F4xx_HAL_Driver/Src/stm32f4xx_hal_adc_ex.o
 .debug_macro   0x0002194f      0x1f6 ./Drivers/STM32F4xx_HAL_Driver/Src/stm32f4xx_hal_cortex.o
 .debug_macro   0x00021b45      0x1fc ./Drivers/STM32F4xx_HAL_Driver/Src/stm32f4xx_hal_gpio.o
 .debug_macro   0x00021d41      0x21a ./Drivers/STM32F4xx_HAL_Driver/Src/stm32f4xx_hal_rcc.o
 .debug_macro   0x00021f5b      0x1f6 ./Drivers/STM32F4xx_HAL_Driver/Src/stm32f4xx_hal_rcc_ex.o
 .debug_macro   0x00022151      0x1f7 ./Drivers/STM32F4xx_HAL_Driver/Src/stm32f4xx_hal_tim.o
 .debug_macro   0x00022348      0x1f6 ./Drivers/STM32F4xx_HAL_Driver/Src/stm32f4xx_hal_tim_ex.o
 .debug_macro   0x0002253e      0x22d ./libs/src/adc.o
 .debug_macro   0x0002276b       0x1b ./libs/src/pid.o
 .debug_macro   0x00022786      0x1f6 ./libs/src/system_init.o
 .debug_macro   0x0002297c      0x22d ./libs/src/timer.o

.debug_line     0x00000000     0xf960
 .debug_line    0x00000000      0x905 ./Core/Src/main.o
 .debug_line    0x00000905      0x8ab ./Core/Src/stm32f4xx_hal_msp.o
 .debug_line    0x000011b0      0x8d8 ./Core/Src/stm32f4xx_it.o
 .debug_line    0x00001a88      0x80b ./Core/Src/system_stm32f4xx.o
 .debug_line    0x00002293       0x7a ./Core/Startup/startup_stm32f446retx.o
 .debug_line    0x0000230d      0xa83 ./Drivers/STM32F4xx_HAL_Driver/Src/stm32f4xx_hal.o
 .debug_line    0x00002d90     0x131a ./Drivers/STM32F4xx_HAL_Driver/Src/stm32f4xx_hal_adc.o
 .debug_line    0x000040aa      0xf82 ./Drivers/STM32F4xx_HAL_Driver/Src/stm32f4xx_hal_adc_ex.o
 .debug_line    0x0000502c      0xd75 ./Drivers/STM32F4xx_HAL_Driver/Src/stm32f4xx_hal_cortex.o
 .debug_line    0x00005da1      0xbfb ./Drivers/STM32F4xx_HAL_Driver/Src/stm32f4xx_hal_gpio.o
 .debug_line    0x0000699c      0xe1a ./Drivers/STM32F4xx_HAL_Driver/Src/stm32f4xx_hal_rcc.o
 .debug_line    0x000077b6     0x148a ./Drivers/STM32F4xx_HAL_Driver/Src/stm32f4xx_hal_rcc_ex.o
 .debug_line    0x00008c40     0x381f ./Drivers/STM32F4xx_HAL_Driver/Src/stm32f4xx_hal_tim.o
 .debug_line    0x0000c45f     0x1a79 ./Drivers/STM32F4xx_HAL_Driver/Src/stm32f4xx_hal_tim_ex.o
 .debug_line    0x0000ded8      0x898 ./libs/src/adc.o
 .debug_line    0x0000e770      0x128 ./libs/src/pid.o
 .debug_line    0x0000e898      0x7bc ./libs/src/system_init.o
 .debug_line    0x0000f054      0x90c ./libs/src/timer.o

.debug_str      0x00000000    0xd9936
 .debug_str     0x00000000    0xd641f ./Core/Src/main.o
                              0xd67ac (size before relaxing)
 .debug_str     0x000d641f      0x28f ./Core/Src/stm32f4xx_hal_msp.o
                              0xd653b (size before relaxing)
 .debug_str     0x000d66ae       0xc9 ./Core/Src/stm32f4xx_it.o
                              0xd5db3 (size before relaxing)
 .debug_str     0x000d6777       0xdb ./Core/Src/system_stm32f4xx.o
                              0xd5db5 (size before relaxing)
 .debug_str     0x000d6852       0x44 ./Core/Startup/startup_stm32f446retx.o
                                 0x93 (size before relaxing)
 .debug_str     0x000d6896      0xb1b ./Drivers/STM32F4xx_HAL_Driver/Src/stm32f4xx_hal.o
                              0xd697a (size before relaxing)
 .debug_str     0x000d73b1      0x30b ./Drivers/STM32F4xx_HAL_Driver/Src/stm32f4xx_hal_adc.o
                              0xd637d (size before relaxing)
 .debug_str     0x000d76bc      0x2df ./Drivers/STM32F4xx_HAL_Driver/Src/stm32f4xx_hal_adc_ex.o
                              0xd63d1 (size before relaxing)
 .debug_str     0x000d799b      0x392 ./Drivers/STM32F4xx_HAL_Driver/Src/stm32f4xx_hal_cortex.o
                              0xd66d1 (size before relaxing)
 .debug_str     0x000d7d2d      0x121 ./Drivers/STM32F4xx_HAL_Driver/Src/stm32f4xx_hal_gpio.o
                              0xd5f30 (size before relaxing)
 .debug_str     0x000d7e4e      0x373 ./Drivers/STM32F4xx_HAL_Driver/Src/stm32f4xx_hal_rcc.o
                              0xd61ee (size before relaxing)
 .debug_str     0x000d81c1      0x324 ./Drivers/STM32F4xx_HAL_Driver/Src/stm32f4xx_hal_rcc_ex.o
                              0xd6221 (size before relaxing)
 .debug_str     0x000d84e5      0xe11 ./Drivers/STM32F4xx_HAL_Driver/Src/stm32f4xx_hal_tim.o
                              0xd711a (size before relaxing)
 .debug_str     0x000d92f6      0x503 ./Drivers/STM32F4xx_HAL_Driver/Src/stm32f4xx_hal_tim_ex.o
                              0xd6926 (size before relaxing)
 .debug_str     0x000d97f9       0x1e ./libs/src/adc.o
                              0xd6789 (size before relaxing)
 .debug_str     0x000d9817       0x64 ./libs/src/pid.o
                               0x2e89 (size before relaxing)
 .debug_str     0x000d987b       0x1a ./libs/src/system_init.o
                              0xd5e99 (size before relaxing)
 .debug_str     0x000d9895       0xa1 ./libs/src/timer.o
                              0xd6a0f (size before relaxing)

.comment        0x00000000       0x43
 .comment       0x00000000       0x43 ./Core/Src/main.o
                                 0x44 (size before relaxing)
 .comment       0x00000043       0x44 ./Core/Src/stm32f4xx_hal_msp.o
 .comment       0x00000043       0x44 ./Core/Src/stm32f4xx_it.o
 .comment       0x00000043       0x44 ./Core/Src/system_stm32f4xx.o
 .comment       0x00000043       0x44 ./Drivers/STM32F4xx_HAL_Driver/Src/stm32f4xx_hal.o
 .comment       0x00000043       0x44 ./Drivers/STM32F4xx_HAL_Driver/Src/stm32f4xx_hal_adc.o
 .comment       0x00000043       0x44 ./Drivers/STM32F4xx_HAL_Driver/Src/stm32f4xx_hal_adc_ex.o
 .comment       0x00000043       0x44 ./Drivers/STM32F4xx_HAL_Driver/Src/stm32f4xx_hal_cortex.o
 .comment       0x00000043       0x44 ./Drivers/STM32F4xx_HAL_Driver/Src/stm32f4xx_hal_gpio.o
 .comment       0x00000043       0x44 ./Drivers/STM32F4xx_HAL_Driver/Src/stm32f4xx_hal_rcc.o
 .comment       0x00000043       0x44 ./Drivers/STM32F4xx_HAL_Driver/Src/stm32f4xx_hal_rcc_ex.o
 .comment       0x00000043       0x44 ./Drivers/STM32F4xx_HAL_Driver/Src/stm32f4xx_hal_tim.o
 .comment       0x00000043       0x44 ./Drivers/STM32F4xx_HAL_Driver/Src/stm32f4xx_hal_tim_ex.o
 .comment       0x00000043       0x44 ./libs/src/adc.o
 .comment       0x00000043       0x44 ./libs/src/pid.o
 .comment       0x00000043       0x44 ./libs/src/system_init.o
 .comment       0x00000043       0x44 ./libs/src/timer.o

.debug_frame    0x00000000     0x3174
 .debug_frame   0x00000000       0xcc ./Core/Src/main.o
 .debug_frame   0x000000cc       0xc4 ./Core/Src/stm32f4xx_hal_msp.o
 .debug_frame   0x00000190      0x104 ./Core/Src/stm32f4xx_it.o
 .debug_frame   0x00000294       0x58 ./Core/Src/system_stm32f4xx.o
 .debug_frame   0x000002ec      0x374 ./Drivers/STM32F4xx_HAL_Driver/Src/stm32f4xx_hal.o
 .debug_frame   0x00000660      0x3fc ./Drivers/STM32F4xx_HAL_Driver/Src/stm32f4xx_hal_adc.o
 .debug_frame   0x00000a5c      0x250 ./Drivers/STM32F4xx_HAL_Driver/Src/stm32f4xx_hal_adc_ex.o
 .debug_frame   0x00000cac      0x508 ./Drivers/STM32F4xx_HAL_Driver/Src/stm32f4xx_hal_cortex.o
 .debug_frame   0x000011b4      0x14c ./Drivers/STM32F4xx_HAL_Driver/Src/stm32f4xx_hal_gpio.o
 .debug_frame   0x00001300      0x1f4 ./Drivers/STM32F4xx_HAL_Driver/Src/stm32f4xx_hal_rcc.o
 .debug_frame   0x000014f4      0x1e8 ./Drivers/STM32F4xx_HAL_Driver/Src/stm32f4xx_hal_rcc_ex.o
 .debug_frame   0x000016dc     0x11c0 ./Drivers/STM32F4xx_HAL_Driver/Src/stm32f4xx_hal_tim.o
 .debug_frame   0x0000289c      0x638 ./Drivers/STM32F4xx_HAL_Driver/Src/stm32f4xx_hal_tim_ex.o
 .debug_frame   0x00002ed4       0x98 ./libs/src/adc.o
 .debug_frame   0x00002f6c       0x7c ./libs/src/pid.o
 .debug_frame   0x00002fe8       0x34 ./libs/src/system_init.o
 .debug_frame   0x0000301c       0xac ./libs/src/timer.o
 .debug_frame   0x000030c8       0x20 C:/ST/STM32CubeIDE_1.16.0/STM32CubeIDE/plugins/com.st.stm32cube.ide.mcu.externaltools.gnu-tools-for-stm32.12.3.rel1.win32_1.0.200.202406191623/tools/bin/../lib/gcc/arm-none-eabi/12.3.1/../../../../arm-none-eabi/lib/thumb/v7e-m+fp/hard\libc_nano.a(libc_a-memset.o)
 .debug_frame   0x000030e8       0x2c C:/ST/STM32CubeIDE_1.16.0/STM32CubeIDE/plugins/com.st.stm32cube.ide.mcu.externaltools.gnu-tools-for-stm32.12.3.rel1.win32_1.0.200.202406191623/tools/bin/../lib/gcc/arm-none-eabi/12.3.1/../../../../arm-none-eabi/lib/thumb/v7e-m+fp/hard\libc_nano.a(libc_a-init.o)
 .debug_frame   0x00003114       0x2c C:/ST/STM32CubeIDE_1.16.0/STM32CubeIDE/plugins/com.st.stm32cube.ide.mcu.externaltools.gnu-tools-for-stm32.12.3.rel1.win32_1.0.200.202406191623/tools/bin/../lib/gcc/arm-none-eabi/12.3.1/thumb/v7e-m+fp/hard\libgcc.a(_aeabi_uldivmod.o)
 .debug_frame   0x00003140       0x34 C:/ST/STM32CubeIDE_1.16.0/STM32CubeIDE/plugins/com.st.stm32cube.ide.mcu.externaltools.gnu-tools-for-stm32.12.3.rel1.win32_1.0.200.202406191623/tools/bin/../lib/gcc/arm-none-eabi/12.3.1/thumb/v7e-m+fp/hard\libgcc.a(_udivmoddi4.o)

.debug_line_str
                0x00000000       0x77
 .debug_line_str
                0x00000000       0x77 ./Core/Startup/startup_stm32f446retx.o
